[    0.000000] Linux version 4.15.0-140-generic (buildd@lgw01-amd64-054) (gcc version 7.5.0 (Ubuntu 7.5.0-3ubuntu1~18.04)) #144-Ubuntu SMP Fri Mar 19 14:12:35 UTC 2021 (Ubuntu 4.15.0-140.144-generic 4.15.18)
[    0.000000] Command line: BOOT_IMAGE=/boot/vmlinuz-4.15.0-140-generic root=LABEL=cloudimg-rootfs ro console=tty1 console=ttyS0
[    0.000000] KERNEL supported cpus:
[    0.000000]   Intel GenuineIntel
[    0.000000]   AMD AuthenticAMD
[    0.000000]   Centaur CentaurHauls
[    0.000000] x86/fpu: Supporting XSAVE feature 0x001: 'x87 floating point registers'
[    0.000000] x86/fpu: Supporting XSAVE feature 0x002: 'SSE registers'
[    0.000000] x86/fpu: Supporting XSAVE feature 0x004: 'AVX registers'
[    0.000000] x86/fpu: xstate_offset[2]:  576, xstate_sizes[2]:  256
[    0.000000] x86/fpu: Enabled xstate features 0x7, context size is 832 bytes, using 'standard' format.
[    0.000000] e820: BIOS-provided physical RAM map:
[    0.000000] BIOS-e820: [mem 0x0000000000000000-0x000000000009fbff] usable
[    0.000000] BIOS-e820: [mem 0x000000000009fc00-0x000000000009ffff] reserved
[    0.000000] BIOS-e820: [mem 0x00000000000f0000-0x00000000000fffff] reserved
[    0.000000] BIOS-e820: [mem 0x0000000000100000-0x000000007ffeffff] usable
[    0.000000] BIOS-e820: [mem 0x000000007fff0000-0x000000007fffffff] ACPI data
[    0.000000] BIOS-e820: [mem 0x00000000fec00000-0x00000000fec00fff] reserved
[    0.000000] BIOS-e820: [mem 0x00000000fee00000-0x00000000fee00fff] reserved
[    0.000000] BIOS-e820: [mem 0x00000000fffc0000-0x00000000ffffffff] reserved
[    0.000000] NX (Execute Disable) protection: active
[    0.000000] SMBIOS 2.5 present.
[    0.000000] DMI: innotek GmbH VirtualBox/VirtualBox, BIOS VirtualBox 12/01/2006
[    0.000000] Hypervisor detected: KVM
[    0.000000] e820: last_pfn = 0x7fff0 max_arch_pfn = 0x400000000
[    0.000000] MTRR: Disabled
[    0.000000] x86/PAT: MTRRs disabled, skipping PAT initialization too.
[    0.000000] CPU MTRRs all blank - virtualized system.
[    0.000000] x86/PAT: Configuration [0-7]: WB  WT  UC- UC  WB  WT  UC- UC  
[    0.000000] found SMP MP-table at [mem 0x0009fff0-0x0009ffff]
[    0.000000] Scanning 1 areas for low memory corruption
[    0.000000] RAMDISK: [mem 0x35a63000-0x36d28fff]
[    0.000000] ACPI: Early table checksum verification disabled
[    0.000000] ACPI: RSDP 0x00000000000E0000 000024 (v02 VBOX  )
[    0.000000] ACPI: XSDT 0x000000007FFF0030 00003C (v01 VBOX   VBOXXSDT 00000001 ASL  00000061)
[    0.000000] ACPI: FACP 0x000000007FFF00F0 0000F4 (v04 VBOX   VBOXFACP 00000001 ASL  00000061)
[    0.000000] ACPI: DSDT 0x000000007FFF0470 002325 (v02 VBOX   VBOXBIOS 00000002 INTL 20190509)
[    0.000000] ACPI: FACS 0x000000007FFF0200 000040
[    0.000000] ACPI: FACS 0x000000007FFF0200 000040
[    0.000000] ACPI: APIC 0x000000007FFF0240 00005C (v02 VBOX   VBOXAPIC 00000001 ASL  00000061)
[    0.000000] ACPI: SSDT 0x000000007FFF02A0 0001CC (v01 VBOX   VBOXCPUT 00000002 INTL 20190509)
[    0.000000] No NUMA configuration found
[    0.000000] Faking a node at [mem 0x0000000000000000-0x000000007ffeffff]
[    0.000000] NODE_DATA(0) allocated [mem 0x7ffc5000-0x7ffeffff]
[    0.000000] kvm-clock: cpu 0, msr 0:7ff44001, primary cpu clock
[    0.000000] kvm-clock: Using msrs 4b564d01 and 4b564d00
[    0.000000] kvm-clock: using sched offset of 3047496247 cycles
[    0.000000] clocksource: kvm-clock: mask: 0xffffffffffffffff max_cycles: 0x1cd42e4dffb, max_idle_ns: 881590591483 ns
[    0.000000] Zone ranges:
[    0.000000]   DMA      [mem 0x0000000000001000-0x0000000000ffffff]
[    0.000000]   DMA32    [mem 0x0000000001000000-0x000000007ffeffff]
[    0.000000]   Normal   empty
[    0.000000]   Device   empty
[    0.000000] Movable zone start for each node
[    0.000000] Early memory node ranges
[    0.000000]   node   0: [mem 0x0000000000001000-0x000000000009efff]
[    0.000000]   node   0: [mem 0x0000000000100000-0x000000007ffeffff]
[    0.000000] Reserved but unavailable: 98 pages
[    0.000000] Initmem setup node 0 [mem 0x0000000000001000-0x000000007ffeffff]
[    0.000000] ACPI: PM-Timer IO Port: 0x4008
[    0.000000] IOAPIC[0]: apic_id 2, version 32, address 0xfec00000, GSI 0-23
[    0.000000] ACPI: INT_SRC_OVR (bus 0 bus_irq 0 global_irq 2 dfl dfl)
[    0.000000] ACPI: INT_SRC_OVR (bus 0 bus_irq 9 global_irq 9 low level)
[    0.000000] Using ACPI (MADT) for SMP configuration information
[    0.000000] smpboot: Allowing 2 CPUs, 0 hotplug CPUs
[    0.000000] PM: Registered nosave memory: [mem 0x00000000-0x00000fff]
[    0.000000] PM: Registered nosave memory: [mem 0x0009f000-0x0009ffff]
[    0.000000] PM: Registered nosave memory: [mem 0x000a0000-0x000effff]
[    0.000000] PM: Registered nosave memory: [mem 0x000f0000-0x000fffff]
[    0.000000] e820: [mem 0x80000000-0xfebfffff] available for PCI devices
[    0.000000] Booting paravirtualized kernel on KVM
[    0.000000] clocksource: refined-jiffies: mask: 0xffffffff max_cycles: 0xffffffff, max_idle_ns: 7645519600211568 ns
[    0.000000] random: get_random_bytes called from start_kernel+0x99/0x500 with crng_init=0
[    0.000000] setup_percpu: NR_CPUS:8192 nr_cpumask_bits:2 nr_cpu_ids:2 nr_node_ids:1
[    0.000000] percpu: Embedded 45 pages/cpu s147456 r8192 d28672 u1048576
[    0.000000] PV qspinlock hash table entries: 256 (order: 0, 4096 bytes)
[    0.000000] Built 1 zonelists, mobility grouping on.  Total pages: 515961
[    0.000000] Policy zone: DMA32
[    0.000000] Kernel command line: BOOT_IMAGE=/boot/vmlinuz-4.15.0-140-generic root=LABEL=cloudimg-rootfs ro console=tty1 console=ttyS0
[    0.000000] Memory: 2015212K/2096696K available (12300K kernel code, 2483K rwdata, 4276K rodata, 2440K init, 2724K bss, 81484K reserved, 0K cma-reserved)
[    0.000000] SLUB: HWalign=64, Order=0-3, MinObjects=0, CPUs=2, Nodes=1
[    0.000000] Kernel/User page tables isolation: enabled
[    0.000000] ftrace: allocating 39429 entries in 155 pages
[    0.004000] Hierarchical RCU implementation.
[    0.004000] 	RCU restricting CPUs from NR_CPUS=8192 to nr_cpu_ids=2.
[    0.004000] 	Tasks RCU enabled.
[    0.004000] RCU: Adjusting geometry for rcu_fanout_leaf=16, nr_cpu_ids=2
[    0.004000] NR_IRQS: 524544, nr_irqs: 440, preallocated irqs: 16
[    0.004000] Console: colour VGA+ 80x25
[    0.004000] console [tty1] enabled
[    0.004000] console [ttyS0] enabled
[    0.004000] ACPI: Core revision 20170831
[    0.004000] ACPI: 2 ACPI AML tables successfully acquired and loaded
[    0.004000] APIC: Switch to symmetric I/O mode setup
[    0.004000] x2apic enabled
[    0.004000] Switched APIC routing to physical x2apic.
[    0.004000] ..TIMER: vector=0x30 apic1=0 pin1=2 apic2=-1 pin2=-1
[    0.004000] tsc: Detected 2803.198 MHz processor
[    0.004000] Calibrating delay loop (skipped) preset value.. 5606.39 BogoMIPS (lpj=11212792)
[    0.004000] pid_max: default: 32768 minimum: 301
[    0.004023] Security Framework initialized
[    0.004404] Yama: becoming mindful.
[    0.004752] AppArmor: AppArmor initialized
[    0.006011] Dentry cache hash table entries: 262144 (order: 9, 2097152 bytes)
[    0.007302] Inode-cache hash table entries: 131072 (order: 8, 1048576 bytes)
[    0.008012] Mount-cache hash table entries: 4096 (order: 3, 32768 bytes)
[    0.008594] Mountpoint-cache hash table entries: 4096 (order: 3, 32768 bytes)
[    0.009404] Last level iTLB entries: 4KB 0, 2MB 0, 4MB 0
[    0.009882] Last level dTLB entries: 4KB 0, 2MB 0, 4MB 0, 1GB 0
[    0.010412] Spectre V1 : Mitigation: usercopy/swapgs barriers and __user pointer sanitization
[    0.011165] Spectre V2 : Mitigation: Full generic retpoline
[    0.011659] Spectre V2 : Spectre v2 / SpectreRSB mitigation: Filling RSB on context switch
[    0.012001] Speculative Store Bypass: Vulnerable
[    0.012455] MDS: Mitigation: Clear CPU buffers
[    0.012993] Freeing SMP alternatives memory: 36K
[    0.124156] smpboot: CPU0: 11th Gen Intel(R) Core(TM) i7-1165G7 @ 2.80GHz (family: 0x6, model: 0x8c, stepping: 0x1)
[    0.125440] Performance Events: unsupported p6 CPU model 140 no PMU driver, software events only.
[    0.126304] Hierarchical SRCU implementation.
[    0.127258] NMI watchdog: Perf event create on CPU 0 failed with -2
[    0.127818] NMI watchdog: Perf NMI watchdog permanently disabled
[    0.128033] smp: Bringing up secondary CPUs ...
[    0.128511] x86: Booting SMP configuration:
[    0.128905] .... node  #0, CPUs:      #1
[    0.004000] kvm-clock: cpu 1, msr 0:7ff44041, secondary cpu clock
[    0.132031] smp: Brought up 1 node, 2 CPUs
[    0.132399] smpboot: Max logical packages: 1
[    0.132810] smpboot: Total of 2 processors activated (11212.79 BogoMIPS)
[    0.133473] devtmpfs: initialized
[    0.133473] x86/mm: Memory block size: 128MB
[    0.133473] evm: security.selinux
[    0.133473] evm: security.SMACK64
[    0.133560] evm: security.SMACK64EXEC
[    0.133911] evm: security.SMACK64TRANSMUTE
[    0.136002] evm: security.SMACK64MMAP
[    0.136315] evm: security.apparmor
[    0.136608] evm: security.ima
[    0.136871] evm: security.capability
[    0.137190] clocksource: jiffies: mask: 0xffffffff max_cycles: 0xffffffff, max_idle_ns: 7645041785100000 ns
[    0.137190] futex hash table entries: 512 (order: 3, 32768 bytes)
[    0.137448] pinctrl core: initialized pinctrl subsystem
[    0.138011] RTC time: 13:12:16, date: 04/08/21
[    0.140137] NET: Registered protocol family 16
[    0.140551] audit: initializing netlink subsys (disabled)
[    0.141001] audit: type=2000 audit(1617887541.063:1): state=initialized audit_enabled=0 res=1
[    0.141001] cpuidle: using governor ladder
[    0.141001] cpuidle: using governor menu
[    0.141001] ACPI: bus type PCI registered
[    0.141202] acpiphp: ACPI Hot Plug PCI Controller Driver version: 0.5
[    0.141819] PCI: Using configuration type 1 for base access
[    0.144577] HugeTLB registered 2.00 MiB page size, pre-allocated 0 pages
[    0.144632] ACPI: Added _OSI(Module Device)
[    0.144632] ACPI: Added _OSI(Processor Device)
[    0.144896] ACPI: Added _OSI(3.0 _SCP Extensions)
[    0.145331] ACPI: Added _OSI(Processor Aggregator Device)
[    0.148004] ACPI: Added _OSI(Linux-Dell-Video)
[    0.148388] ACPI: Added _OSI(Linux-Lenovo-NV-HDMI-Audio)
[    0.148813] ACPI: Added _OSI(Linux-HPI-Hybrid-Graphics)
[    0.149372] ACPI: Executed 1 blocks of module-level executable AML code
[    0.152324] ACPI: Interpreter enabled
[    0.152701] ACPI: (supports S0 S5)
[    0.152994] ACPI: Using IOAPIC for interrupt routing
[    0.153520] PCI: Using host bridge windows from ACPI; if necessary, use "pci=nocrs" and report a bug
[    0.154370] ACPI: Enabled 2 GPEs in block 00 to 07
[    0.157764] ACPI: PCI Root Bridge [PCI0] (domain 0000 [bus 00-ff])
[    0.158322] acpi PNP0A03:00: _OSC: OS supports [ASPM ClockPM Segments MSI]
[    0.159257] acpi PNP0A03:00: _OSC: not requesting OS control; OS requires [ExtendedConfig ASPM ClockPM MSI]
[    0.160006] acpi PNP0A03:00: fail to add MMCONFIG information, can't access extended PCI configuration space under this bridge.
[    0.161090] PCI host bridge to bus 0000:00
[    0.161434] pci_bus 0000:00: root bus resource [io  0x0000-0x0cf7 window]
[    0.161961] pci_bus 0000:00: root bus resource [io  0x0d00-0xffff window]
[    0.162517] pci_bus 0000:00: root bus resource [mem 0x000a0000-0x000bffff window]
[    0.163153] pci_bus 0000:00: root bus resource [mem 0x80000000-0xfdffffff window]
[    0.163805] pci_bus 0000:00: root bus resource [bus 00-ff]
[    0.164791] pci 0000:00:01.1: legacy IDE quirk: reg 0x10: [io  0x01f0-0x01f7]
[    0.165348] pci 0000:00:01.1: legacy IDE quirk: reg 0x14: [io  0x03f6]
[    0.165860] pci 0000:00:01.1: legacy IDE quirk: reg 0x18: [io  0x0170-0x0177]
[    0.166459] pci 0000:00:01.1: legacy IDE quirk: reg 0x1c: [io  0x0376]
[    0.178061] pci 0000:00:07.0: quirk: [io  0x4000-0x403f] claimed by PIIX4 ACPI
[    0.178802] pci 0000:00:07.0: quirk: [io  0x4100-0x410f] claimed by PIIX4 SMB
[    0.185626] ACPI: PCI Interrupt Link [LNKA] (IRQs 5 9 10 *11)
[    0.186378] ACPI: PCI Interrupt Link [LNKB] (IRQs 5 9 *10 11)
[    0.186949] ACPI: PCI Interrupt Link [LNKC] (IRQs 5 *9 10 11)
[    0.187537] ACPI: PCI Interrupt Link [LNKD] (IRQs 5 9 10 *11)
[    0.188240] SCSI subsystem initialized
[    0.188607] pci 0000:00:02.0: vgaarb: setting as boot VGA device
[    0.188607] pci 0000:00:02.0: vgaarb: VGA device added: decodes=io+mem,owns=io+mem,locks=none
[    0.189363] pci 0000:00:02.0: vgaarb: bridge control possible
[    0.189891] vgaarb: loaded
[    0.190188] ACPI: bus type USB registered
[    0.190607] usbcore: registered new interface driver usbfs
[    0.192009] usbcore: registered new interface driver hub
[    0.192449] usbcore: registered new device driver usb
[    0.192888] EDAC MC: Ver: 3.0.0
[    0.192888] PCI: Using ACPI for IRQ routing
[    0.192888] NetLabel: Initializing
[    0.192919] NetLabel:  domain hash size = 128
[    0.193321] NetLabel:  protocols = UNLABELED CIPSOv4 CALIPSO
[    0.193837] NetLabel:  unlabeled traffic allowed by default
[    0.200010] clocksource: Switched to clocksource kvm-clock
[    0.209122] VFS: Disk quotas dquot_6.6.0
[    0.209566] VFS: Dquot-cache hash table entries: 512 (order 0, 4096 bytes)
[    0.210268] AppArmor: AppArmor Filesystem Enabled
[    0.210703] pnp: PnP ACPI init
[    0.211460] pnp: PnP ACPI: found 3 devices
[    0.218385] clocksource: acpi_pm: mask: 0xffffff max_cycles: 0xffffff, max_idle_ns: 2085701024 ns
[    0.219494] NET: Registered protocol family 2
[    0.220001] TCP established hash table entries: 16384 (order: 5, 131072 bytes)
[    0.220627] TCP bind hash table entries: 16384 (order: 6, 262144 bytes)
[    0.221237] TCP: Hash tables configured (established 16384 bind 16384)
[    0.222353] UDP hash table entries: 1024 (order: 3, 32768 bytes)
[    0.222909] UDP-Lite hash table entries: 1024 (order: 3, 32768 bytes)
[    0.223460] NET: Registered protocol family 1
[    0.223829] pci 0000:00:00.0: Limiting direct PCI/PCI transfers
[    0.224388] pci 0000:00:01.0: Activating ISA DMA hang workarounds
[    0.224919] pci 0000:00:02.0: Video device with shadowed ROM at [mem 0x000c0000-0x000dffff]
[    0.225655] Unpacking initramfs...
[    0.405197] Freeing initrd memory: 19224K
[    0.405691] clocksource: tsc: mask: 0xffffffffffffffff max_cycles: 0x28680e0a5c3, max_idle_ns: 440795346756 ns
[    0.406562] platform rtc_cmos: registered platform RTC device (no PNP device found)
[    0.407185] Scanning for low memory corruption every 60 seconds
[    0.408040] Initialise system trusted keyrings
[    0.408569] Key type blacklist registered
[    0.408963] workingset: timestamp_bits=36 max_order=19 bucket_order=0
[    0.410045] zbud: loaded
[    0.410739] squashfs: version 4.0 (2009/01/31) Phillip Lougher
[    0.411460] fuse init (API version 7.26)
[    0.412986] Key type asymmetric registered
[    0.413378] Asymmetric key parser 'x509' registered
[    0.413852] Block layer SCSI generic (bsg) driver version 0.4 loaded (major 246)
[    0.414572] io scheduler noop registered
[    0.414950] io scheduler deadline registered
[    0.415363] io scheduler cfq registered (default)
[    0.415999] ACPI: AC Adapter [AC] (on-line)
[    0.416450] input: Power Button as /devices/LNXSYSTM:00/LNXPWRBN:00/input/input0
[    0.417158] ACPI: Power Button [PWRF]
[    0.417544] input: Sleep Button as /devices/LNXSYSTM:00/LNXSLPBN:00/input/input1
[    0.418295] ACPI: Sleep Button [SLPF]
[    0.419229] ACPI: Battery Slot [BAT0] (battery present)
[    0.419835] Serial: 8250/16550 driver, 32 ports, IRQ sharing enabled
[    0.440887] 00:02: ttyS0 at I/O 0x3f8 (irq = 4, base_baud = 115200) is a 16550A
[    0.443557] Linux agpgart interface v0.103
[    0.445682] loop: module loaded
[    0.446437] scsi host0: ata_piix
[    0.446842] scsi host1: ata_piix
[    0.447175] ata1: PATA max UDMA/33 cmd 0x1f0 ctl 0x3f6 bmdma 0xd000 irq 14
[    0.447777] ata2: PATA max UDMA/33 cmd 0x170 ctl 0x376 bmdma 0xd008 irq 15
[    0.448482] libphy: Fixed MDIO Bus: probed
[    0.448875] tun: Universal TUN/TAP device driver, 1.6
[    0.449379] PPP generic driver version 2.4.2
[    0.449831] ehci_hcd: USB 2.0 'Enhanced' Host Controller (EHCI) Driver
[    0.450421] ehci-pci: EHCI PCI platform driver
[    0.450840] ehci-platform: EHCI generic platform driver
[    0.451322] ohci_hcd: USB 1.1 'Open' Host Controller (OHCI) Driver
[    0.451873] ohci-pci: OHCI PCI platform driver
[    0.452306] ohci-platform: OHCI generic platform driver
[    0.452788] uhci_hcd: USB Universal Host Controller Interface driver
[    0.453451] i8042: PNP: PS/2 Controller [PNP0303:PS2K,PNP0f03:PS2M] at 0x60,0x64 irq 1,12
[    0.454539] serio: i8042 KBD port at 0x60,0x64 irq 1
[    0.455008] serio: i8042 AUX port at 0x60,0x64 irq 12
[    0.455557] mousedev: PS/2 mouse device common for all mice
[    0.456475] input: AT Translated Set 2 keyboard as /devices/platform/i8042/serio0/input/input2
[    0.457396] rtc_cmos rtc_cmos: rtc core: registered rtc_cmos as rtc0
[    0.457992] rtc_cmos rtc_cmos: alarms up to one day, 114 bytes nvram
[    0.458576] i2c /dev entries driver
[    0.458940] device-mapper: uevent: version 1.0.3
[    0.459418] device-mapper: ioctl: 4.37.0-ioctl (2017-09-20) initialised: dm-devel@redhat.com
[    0.460259] ledtrig-cpu: registered to indicate activity on CPUs
[    0.461099] NET: Registered protocol family 10
[    0.463853] Segment Routing with IPv6
[    0.464244] NET: Registered protocol family 17
[    0.464719] Key type dns_resolver registered
[    0.465282] mce: Using 0 MCE banks
[    0.465620] RAS: Correctable Errors collector initialized.
[    0.466120] sched_clock: Marking stable (465263963, 0)->(549029671, -83765708)
[    0.467113] registered taskstats version 1
[    0.467577] Loading compiled-in X.509 certificates
[    0.469465] Loaded X.509 cert 'Build time autogenerated kernel key: f44537957b99d83206ce3e6a27744bf062e80295'
[    0.470367] zswap: loaded using pool lzo/zbud
[    0.472876] Key type big_key registered
[    0.473272] Key type trusted registered
[    0.474602] Key type encrypted registered
[    0.475005] AppArmor: AppArmor sha1 policy hashing enabled
[    0.475503] ima: No TPM chip found, activating TPM-bypass! (rc=-19)
[    0.476071] ima: Allocated hash algorithm: sha1
[    0.476505] evm: HMAC attrs: 0x1
[    0.476958]   Magic number: 1:135:230
[    0.477400] rtc_cmos rtc_cmos: setting system clock to 2021-04-08 13:12:16 UTC (1617887536)
[    0.478240] BIOS EDD facility v0.16 2004-Jun-25, 0 devices found
[    0.478785] EDD information not available.
[    0.634659] Freeing unused kernel image memory: 2440K
[    0.831510] Write protecting the kernel read-only data: 20480k
[    0.834581] Freeing unused kernel image memory: 2008K
[    0.836404] Freeing unused kernel image memory: 1868K
[    0.840131] x86/mm: Checked W+X mappings: passed, no W+X pages found.
[    0.840680] x86/mm: Checking user space page tables
[    0.844301] x86/mm: Checked W+X mappings: passed, no W+X pages found.
Loading, please wait...
starting version 237
[    0.885748] e1000: Intel(R) PRO/1000 Network Driver - version 7.3.21-k8-NAPI
[    0.886451] e1000: Copyright (c) 1999-2006 Intel Corporation.
[    0.891075] Fusion MPT base driver 3.04.20
[    0.891629] Copyright (c) 1999-2008 LSI Corporation
[    0.894198] Fusion MPT SPI Host driver 3.04.20
[    0.905434] AVX2 version of gcm_enc/dec engaged.
[    0.905922] AES CTR mode by8 optimization enabled
[    1.101924] input: ImExPS/2 Generic Explorer Mouse as /devices/platform/i8042/serio1/input/input4
[    1.424004] e1000 0000:00:03.0 eth0: (PCI:33MHz:32-bit) 02:99:94:d0:f2:74
[    1.425957] e1000 0000:00:03.0 eth0: Intel(R) PRO/1000 Network Connection
[    1.428231] mptbase: ioc0: Initiating bringup
[    2.868769] ioc0: LSI53C1030 A0: Capabilities={Initiator}
[    5.855601] scsi host2: ioc0: LSI53C1030 A0, FwRev=00000000h, Ports=1, MaxQ=256, IRQ=20
[    8.151503] scsi 2:0:0:0: Direct-Access     VBOX     HARDDISK         1.0  PQ: 0 ANSI: 5
[    8.767659] scsi target2:0:0: Beginning Domain Validation
[    8.816727] scsi target2:0:0: Domain Validation skipping write tests
[    8.817449] scsi target2:0:0: Ending Domain Validation
[    8.818077] scsi target2:0:0: asynchronous
[    8.829845] scsi 2:0:1:0: Direct-Access     VBOX     HARDDISK         1.0  PQ: 0 ANSI: 5
[    8.860926] scsi target2:0:1: Beginning Domain Validation
[    8.865010] random: fast init done
[    8.865019] scsi target2:0:1: Domain Validation skipping write tests
[    8.866063] scsi target2:0:1: Ending Domain Validation
[    8.866574] scsi target2:0:1: asynchronous
[    8.870859] random: systemd-udevd: uninitialized urandom read (16 bytes read)
[    8.871577] random: systemd-udevd: uninitialized urandom read (16 bytes read)
[    8.872272] random: systemd-udevd: uninitialized urandom read (16 bytes read)
[    8.873194] sd 2:0:0:0: Attached scsi generic sg0 type 0
[    8.873806] sd 2:0:0:0: [sda] 83886080 512-byte logical blocks: (42.9 GB/40.0 GiB)
[    8.874675] sd 2:0:0:0: [sda] Write Protect is off
[    8.875260] sd 2:0:0:0: [sda] Incomplete mode parameter data
[    8.875855] sd 2:0:0:0: [sda] Assuming drive cache: write through
[    8.877169] sd 2:0:1:0: [sdb] 20480 512-byte logical blocks: (10.5 MB/10.0 MiB)
[    8.877994]  sda: sda1
[    8.878293] sd 2:0:1:0: [sdb] Write Protect is off
[    8.878916] sd 2:0:1:0: Attached scsi generic sg1 type 0
[    8.879506] sd 2:0:1:0: [sdb] Incomplete mode parameter data
[    8.880129] sd 2:0:1:0: [sdb] Assuming drive cache: write through
[    8.881584] sd 2:0:0:0: [sda] Attached SCSI disk
[    8.883165] sd 2:0:1:0: [sdb] Attached SCSI disk
[    9.423747] e1000 0000:00:08.0 eth1: (PCI:33MHz:32-bit) 08:00:27:12:95:59
[    9.425540] e1000 0000:00:08.0 eth1: Intel(R) PRO/1000 Network Connection
[    9.427543] e1000 0000:00:03.0 enp0s3: renamed from eth0
[    9.436604] e1000 0000:00:08.0 enp0s8: renamed from eth1
Begin: Loading essential drivers ... [   11.126168] raid6: sse2x1   gen() 19241 MB/s
[   11.172473] raid6: sse2x1   xor() 11230 MB/s
[   11.231268] raid6: sse2x2   gen() 31099 MB/s
[   11.276085] raid6: sse2x2   xor() 16080 MB/s
[   11.324167] raid6: sse2x4   gen() 25841 MB/s
[   11.374409] raid6: sse2x4   xor() 15457 MB/s
[   11.432137] raid6: avx2x1   gen() 47823 MB/s
[   11.480117] raid6: avx2x1   xor() 22087 MB/s
[   11.540140] raid6: avx2x2   gen() 59280 MB/s
[   11.594475] raid6: avx2x2   xor() 34834 MB/s
[   11.642407] raid6: avx2x4   gen() 48759 MB/s
[   11.695610] raid6: avx2x4   xor() 30723 MB/s
[   11.696003] raid6: using algorithm avx2x2 gen() 59280 MB/s
[   11.696512] raid6: .... xor() 34834 MB/s, rmw enabled
[   11.696936] raid6: using avx2x2 recovery algorithm
[   11.697976] xor: automatically using best checksumming function   avx       
[   11.699111] async_tx: api initialized (async)
done.
Begin: Running /scripts/init-premount ... done.
Begin: Mounting root file system ... Begin: Running /scripts/local-top ... done.
Begin: Running /scripts/local-premount ... [   11.729022] Btrfs loaded, crc32c=crc32c-intel
Scanning for Btrfs filesystems
done.
Warning: fsck not present, so skipping root file system
[   11.747688] EXT4-fs (sda1): mounted filesystem with ordered data mode. Opts: (null)
done.
Begin: Running /scripts/local-bottom ... done.
Begin: Running /scripts/init-bottom ... done.
[   11.889415] ip_tables: (C) 2000-2006 Netfilter Core Team
[   11.895177] systemd[1]: systemd 237 running in system mode. (+PAM +AUDIT +SELINUX +IMA +APPARMOR +SMACK +SYSVINIT +UTMP +LIBCRYPTSETUP +GCRYPT +GNUTLS +ACL +XZ +LZ4 +SECCOMP +BLKID +ELFUTILS +KMOD -IDN2 +IDN -PCRE2 default-hierarchy=hybrid)
[   11.897168] systemd[1]: Detected virtualization oracle.
[   11.897647] systemd[1]: Detected architecture x86-64.

Welcome to [1mUbuntu 18.04.5 LTS[0m!

[   11.901480] systemd[1]: Set hostname to <ubuntu-bionic>.
[   12.073482] systemd[1]: Created slice User and Session Slice.
[[0;32m  OK  [0m] Created slice User and Session Slice.
[   12.074810] systemd[1]: Created slice System Slice.
[[0;32m  OK  [0m] Created slice System Slice.
[   12.075733] systemd[1]: Listening on LVM2 metadata daemon socket.
[[0;32m  OK  [0m] Listening on LVM2 metadata daemon socket.
[   12.076912] systemd[1]: Created slice system-serial\x2dgetty.slice.
[[0;32m  OK  [0m] Created slice system-serial\x2dgetty.slice.
[   12.078001] systemd[1]: Listening on Journal Audit Socket.
[[0;32m  OK  [0m] Listening on Journal Audit Socket.
[   12.078822] systemd[1]: Listening on udev Kernel Socket.
[[0;32m  OK  [0m] Listening on udev Kernel Socket.
[[0;32m  OK  [0m] Listening on Device-mapper event daemon FIFOs.
[[0;32m  OK  [0m] Reached target Slices.
[[0;32m  OK  [0m] Listening on Journal Socket (/dev/log).
[[0;32m  OK  [0m] Listening on Journal Socket.
         Mounting POSIX Message Queue File System...
         Mounting Huge Pages File System...
         Starting Monitoring of LVM2 mirrorsâ€¦ng dmeventd or progress polling...
[[0;32m  OK  [0m] Listening on /dev/initctl Compatibility Named Pipe.
[[0;32m  OK  [0m] Listening on LVM2 poll daemon socket.
[[0;32m  OK  [0m] Reached target System Time Synchronized.
[[0;32m  OK  [0m] Reached target User and Group Name Lookups.
[[0;32m  OK  [0m] Listening on Syslog Socket.
         Starting Journal Service...
         Starting Create list of required stâ€¦ce nodes for the current kernel...
[[0;32m  OK  [0m] Listening on fsck to fsckd communication Socket.
         Starting File System Check on Root Device...
[[0;32m  OK  [0m] Listening on Network Service Netlink Socket.
[[0;32m  OK  [0m] Reached target Swap.
[[0;32m  OK  [0m] Started Forward Password Requests to Wall Directory Watch.
         Starting Uncomplicated firewall...
[[0;32m  OK  [0m] Listening on udev Control Socket.
         Starting udev Coldplug all Devices...
         Starting Load Kernel Modules...
         Starting Set the console keyboard layout...
[[0;32m  OK  [0m] Set up automount Arbitrary Executabâ€¦rmats File System Automount Point.
         Mounting Kernel Debug File System...
[[0;32m  OK  [0m] Mounted POSIX Message Queue File System.
[[0;32m  OK  [0m] Mounted Huge Pages File System.
[[0;32m  OK  [0m] Started Create list of required staâ€¦vice nodes for the current kernel.
[[0;32m  OK  [0m] Started Uncomplicated firewall.
[[0;32m  OK  [0m] Mounted Kernel Debug File System.
[[0;32m  OK  [0m] Started LVM2 metadata daemon.
[[0;32m  OK  [0m] Started File System Check Daemon to report status.
         Starting Create Static Device Nodes in /dev...
[[0;32m  OK  [0m] Started udev Coldplug all Devices.
[   12.145676] Loading iSCSI transport class v2.0-870.
[[0;32m  OK  [0m] Started Journal Service.
[   12.149767] iscsi: registered transport (tcp)
[   12.161150] iscsi: registered transport (iser)
[[0;32m  OK  [0m] Started Load Kernel Modules.
         Mounting FUSE Control File System...
         Mounting Kernel Configuration File System...
         Starting Apply Kernel Variables...
[[0;32m  OK  [0m] Mounted FUSE Control File System.
[[0;32m  OK  [0m] Mounted Kernel Configuration File System.
[[0;32m  OK  [0m] Started Create Static Device Nodes in /dev.
[[0;32m  OK  [0m] Started File System Check on Root Device.
         Starting Remount Root and Kernel File Systems...
[[0;32m  OK  [0m] Started Monitoring of LVM2 mirrors,â€¦sing dmeventd or progress polling.
[[0;32m  OK  [0m] Started Apply Kernel Variables.
[[0;32m  OK  [0m] Started Remount Root and Kernel File Systems.
         Starting udev Kernel Device Manager...
         Starting Load/Save Random Seed...
         Starting Flush Journal to Persistent Storage...
[[0;32m  OK  [0m] Started udev Kernel Device Manager.
[[0;32m  OK  [0m] Started Load/Save Random Seed.
[[0;32m  OK  [0m] Started Set the console keyboard layout.
[[0;32m  OK  [0m] Started Dispatch Password Requests to Console Directory Watch.
[[0;32m  OK  [0m] Reached target Local Encrypted Volumes.
[[0;32m  OK  [0m] Reached target Local File Systems (Pre).
[[0;32m  OK  [0m] Reached target Local File Systems.
         Starting AppArmor initialization...
         Starting Set console font and keymap...
         Starting Tell Plymouth To Write Out Runtime Data...
         Starting ebtables ruleset management...
[[0;32m  OK  [0m] Started Flush Journal to Persistent Storage.
         Starting Create Volatile Files and Directories...
[[0;32m  OK  [0m] Started Set console font and keymap.
[[0;32m  OK  [0m] Started Tell Plymouth To Write Out Runtime Data.
[[0;32m  OK  [0m] Started Create Volatile Files and Directories.
         Starting Update UTMP about System Boot/Shutdown...
[[0;32m  OK  [0m] Started Update UTMP about System Boot/Shutdown.
[[0;32m  OK  [0m] Started ebtables ruleset management.
[[0;32m  OK  [0m] Found device /dev/ttyS0.
[[0;32m  OK  [0m] Started AppArmor initialization.
         Starting Load AppArmor profiles managed internally by snapd...
         Starting Initial cloud-init job (pre-networking)...
[[0;32m  OK  [0m] Started Load AppArmor profiles managed internally by snapd.
[[0;32m  OK  [0m] Listening on Load/Save RF Kill Switch Status /dev/rfkill Watch.
[   13.303127] cloud-init[541]: Cloud-init v. 20.4.1-0ubuntu1~18.04.1 running 'init-local' at Thu, 08 Apr 2021 13:12:29 +0000. Up 13.18 seconds.
[[0;32m  OK  [0m] Started Initial cloud-init job (pre-networking).
[[0;32m  OK  [0m] Reached target Network (Pre).
         Starting Network Service...
[[0;32m  OK  [0m] Started Network Service.
         Starting Wait for Network to be Configured...
         Starting Network Name Resolution...
[[0;32m  OK  [0m] Started Network Name Resolution.
[[0;32m  OK  [0m] Reached target Host and Network Name Lookups.
[[0;32m  OK  [0m] Reached target Network.
[[0;32m  OK  [0m] Started Wait for Network to be Configured.
         Starting Initial cloud-init job (metadata service crawler)...
[   15.666538] cloud-init[680]: Cloud-init v. 20.4.1-0ubuntu1~18.04.1 running 'init' at Thu, 08 Apr 2021 13:12:31 +0000. Up 15.59 seconds.
[   15.667261] cloud-init[680]: ci-info: ++++++++++++++++++++++++++++++++++++++Net device info+++++++++++++++++++++++++++++++++++++++
[   15.668058] cloud-init[680]: ci-info: +--------+------+-----------------------------+---------------+--------+-------------------+
[   15.668768] cloud-init[680]: ci-info: | Device |  Up  |           Address           |      Mask     | Scope  |     Hw-Address    |
[   15.669506] cloud-init[680]: ci-info: +--------+------+-----------------------------+---------------+--------+-------------------+
[   15.670238] cloud-init[680]: ci-info: | enp0s3 | True |          10.0.2.15          | 255.255.255.0 | global | 02:99:94:d0:f2:74 |
[   15.671007] cloud-init[680]: ci-info: | enp0s3 | True |  fe80::99:94ff:fed0:f274/64 |       .       |  link  | 02:99:94:d0:f2:74 |
[   15.671783] cloud-init[680]: ci-info: | enp0s8 | True |        192.168.33.10        | 255.255.255.0 | global | 08:00:27:12:95:59 |
[   15.672477] cloud-init[680]: ci-info: | enp0s8 | True | fe80::a00:27ff:fe12:9559/64 |       .       |  link  | 08:00:27:12:95:59 |
[   15.673202] cloud-init[680]: ci-info: |   lo   | True |          127.0.0.1          |   255.0.0.0   |  host  |         .         |
[   15.673897] cloud-init[680]: ci-info: |   lo   | True |           ::1/128           |       .       |  host  |         .         |
[   15.674604] cloud-init[680]: ci-info: +--------+------+-----------------------------+---------------+--------+-------------------+
[   15.675354] cloud-init[680]: ci-info: +++++++++++++++++++++++++++++Route IPv4 info+++++++++++++++++++++++++++++
[   15.676005] cloud-init[680]: ci-info: +-------+--------------+----------+-----------------+-----------+-------+
[   15.676611] cloud-init[680]: ci-info: | Route | Destination  | Gateway  |     Genmask     | Interface | Flags |
[   15.677248] cloud-init[680]: ci-info: +-------+--------------+----------+-----------------+-----------+-------+
[   15.677854] cloud-init[680]: ci-info: |   0   |   0.0.0.0    | 10.0.2.2 |     0.0.0.0     |   enp0s3  |   UG  |
[   15.678474] cloud-init[680]: ci-info: |   1   |   10.0.2.0   | 0.0.0.0  |  255.255.255.0  |   enp0s3  |   U   |
[   15.679114] cloud-init[680]: ci-info: |   2   |   10.0.2.2   | 0.0.0.0  | 255.255.255.255 |   enp0s3  |   UH  |
[   15.679722] cloud-init[680]: ci-info: |   3   | 192.168.33.0 | 0.0.0.0  |  255.255.255.0  |   enp0s8  |   U   |
[   15.680336] cloud-init[680]: ci-info: +-------+--------------+----------+-----------------+-----------+-------+
[   15.680911] cloud-init[680]: ci-info: +++++++++++++++++++Route IPv6 info+++++++++++++++++++
[   15.681453] cloud-init[680]: ci-info: +-------+-------------+---------+-----------+-------+
[   15.681962] cloud-init[680]: ci-info: | Route | Destination | Gateway | Interface | Flags |
[   15.682480] cloud-init[680]: ci-info: +-------+-------------+---------+-----------+-------+
[   15.682983] cloud-init[680]: ci-info: |   1   |  fe80::/64  |    ::   |   enp0s8  |   U   |
[   15.683478] cloud-init[680]: ci-info: |   2   |  fe80::/64  |    ::   |   enp0s3  |   U   |
[   15.684006] cloud-init[680]: ci-info: |   4   |    local    |    ::   |   enp0s3  |   U   |
[   15.684489] cloud-init[680]: ci-info: |   5   |    local    |    ::   |   enp0s8  |   U   |
[   15.685055] cloud-init[680]: ci-info: |   6   |   ff00::/8  |    ::   |   enp0s8  |   U   |
[   15.685563] cloud-init[680]: ci-info: |   7   |   ff00::/8  |    ::   |   enp0s3  |   U   |
[   15.686077] cloud-init[680]: ci-info: +-------+-------------+---------+-----------+-------+
[[0;32m  OK  [0m] Started Initial cloud-init job (metadata service crawler).
[[0;32m  OK  [0m] Reached target System Initialization.
[[0;32m  OK  [0m] Started Message of the Day.
[[0;32m  OK  [0m] Listening on ACPID Listen Socket.
         Starting LXD - unix socket.
[[0;32m  OK  [0m] Listening on D-Bus System Message Bus Socket.
         Starting Socket activation for snappy daemon.
[[0;32m  OK  [0m] Started Discard unused blocks once a week.
[[0;32m  OK  [0m] Started Daily apt download activities.
[[0;32m  OK  [0m] Listening on UUID daemon activation socket.
[[0;32m  OK  [0m] Listening on Open-iSCSI iscsid Socket.
[[0;32m  OK  [0m] Started Daily Cleanup of Temporary Directories.
[[0;32m  OK  [0m] Started Daily apt upgrade and clean activities.
[[0;32m  OK  [0m] Reached target Timers.
[[0;32m  OK  [0m] Started ACPI Events Check.
[[0;32m  OK  [0m] Reached target Paths.
[[0;32m  OK  [0m] Reached target Cloud-config availability.
[[0;32m  OK  [0m] Reached target Network is Online.
         Starting Availability of block devices...
[[0;32m  OK  [0m] Reached target Remote File Systems (Pre).
         Mounting /vagrant...
[[0;32m  OK  [0m] Listening on LXD - unix socket.
[[0;32m  OK  [0m] Listening on Socket activation for snappy daemon.
[[0;32m  OK  [0m] Reached target Sockets.
[[0;32m  OK  [0m] Reached target Basic System.
[[0;32m  OK  [0m] Started irqbalance daemon.
         Starting System Logging Service...
[[0;32m  OK  [0m] Started FUSE filesystem for LXC.
[[0;32m  OK  [0m] Started D-Bus System Message Bus.
         Starting Virtualbox guest utils...
         Starting Accounts Service...
[[0;32m  OK  [0m] Started Deferred execution scheduler.
         Starting Dispatcher daemon for systemd-networkd...
         Starting LSB: Record successful boot for GRUB...
         Starting OpenBSD Secure Shell server...
         Starting Login Service...
[[0;32m  OK  [0m] Started Regular background program processing daemon.
         Starting Snap Daemon...
         Starting LXD - container startup/shutdown...
[[0;32m  OK  [0m] Started System Logging Service.
[[0;32m  OK  [0m] Started Availability of block devices.
[[0;32m  OK  [0m] Mounted /vagrant.
[[0;32m  OK  [0m] Reached target Remote File Systems.
         Starting LSB: automatic crash report generation...
         Starting Permit User Sessions...
[[0;32m  OK  [0m] Started OpenBSD Secure Shell server.
[[0;32m  OK  [0m] Started Permit User Sessions.
         Starting Hold until boot process finishes up...
         Starting Terminate Plymouth Boot Screen...
[[0;32m  OK  [0m] Started Hold until boot process finishes up.
[[0;32m  OK  [0m] Started Serial Getty on ttyS0.
         Starting Set console scheme...
[[0;32m  OK  [0m] Started Terminate Plymouth Boot Screen.
[[0;32m  OK  [0m] Started Set console scheme.
[[0;32m  OK  [0m] Started Login Service.
[[0;32m  OK  [0m] Started Unattended Upgrades Shutdown.
[[0;32m  OK  [0m] Created slice system-getty.slice.
[[0;32m  OK  [0m] Started Getty on tty1.
[[0;32m  OK  [0m] Reached target Login Prompts.
         Starting Authorization Manager...
[[0;32m  OK  [0m] Started Virtualbox guest utils.
[[0;32m  OK  [0m] Started Authorization Manager.
[[0;32m  OK  [0m] Started Accounts Service.
[[0;32m  OK  [0m] Started LSB: Record successful boot for GRUB.
[[0;32m  OK  [0m] Started LSB: automatic crash report generation.
[[0;32m  OK  [0m] Started LXD - container startup/shutdown.
[[0;32m  OK  [0m] Started Dispatcher daemon for systemd-networkd.
[[0;32m  OK  [0m] Started Snap Daemon.
         Starting Wait until snapd is fully seeded...
[[0;32m  OK  [0m] Started Wait until snapd is fully seeded.
         Starting Apply the settings specified in cloud-config...
[[0;32m  OK  [0m] Reached target Multi-User System.
[[0;32m  OK  [0m] Reached target Graphical Interface.
         Starting Update UTMP about System Runlevel Changes...
[[0;32m  OK  [0m] Started Update UTMP about System Runlevel Changes.
[   16.828992] cloud-init[1127]: Cloud-init v. 20.4.1-0ubuntu1~18.04.1 running 'modules:config' at Thu, 08 Apr 2021 13:12:32 +0000. Up 16.77 seconds.
[[0;32m  OK  [0m] Started Apply the settings specified in cloud-config.
         Starting Execute cloud user/final scripts...
[   17.091174] cloud-init[1159]: Cloud-init v. 20.4.1-0ubuntu1~18.04.1 running 'modules:final' at Thu, 08 Apr 2021 13:12:33 +0000. Up 17.03 seconds.
[   17.091979] cloud-init[1159]: Cloud-init v. 20.4.1-0ubuntu1~18.04.1 finished at Thu, 08 Apr 2021 13:12:33 +0000. Datasource DataSourceNoCloud [seed=/dev/sdb][dsmode=net].  Up 17.08 seconds
[[0;32m  OK  [0m] Started Execute cloud user/final scripts.
[[0;32m  OK  [0m] Reached target Cloud-init target.

Ubuntu 18.04.5 LTS ubuntu-bionic ttyS0

ubuntu-bionic login:          Stopping Daemon for generating UUIDs...
         Stopping Authorization Manager...
         Stopping Session 3 of user vagrant.
[[0;32m  OK  [0m] Stopped target Graphical Interface.
         Stopping Accounts Service...
[[0;32m  OK  [0m] Stopped target Timers.
[[0;32m  OK  [0m] Stopped Message of the Day.
[[0;32m  OK  [0m] Stopped target Host and Network Name Lookups.
[[0;32m  OK  [0m] Stopped Discard unused blocks once a week.
[[0;32m  OK  [0m] Stopped Daily Cleanup of Temporary Directories.
         Stopping User Manager for UID 1000...
         Stopping Availability of block devices...
[[0;32m  OK  [0m] Stopped Daily apt upgrade and clean activities.
[[0;32m  OK  [0m] Stopped Daily apt download activities.
[[0;32m  OK  [0m] Stopped target System Time Synchronized.
[[0;32m  OK  [0m] Closed Load/Save RF Kill Switch Status /dev/rfkill Watch.
[[0;32m  OK  [0m] Stopped target Cloud-init target.
[[0;32m  OK  [0m] Stopped Execute cloud user/final scripts.
[[0;32m  OK  [0m] Stopped Apply the settings specified in cloud-config.
[[0;32m  OK  [0m] Stopped target Cloud-config availability.
[[0;32m  OK  [0m] Stopped target Multi-User System.
         Stopping Dispatcher daemon for systemd-networkd...
         Stopping System Logging Service...
         Stopping OpenBSD Secure Shell server...
         Stopping LSB: automatic crash report generation...
         Stopping LSB: Record successful boot for GRUB...
         Stopping Virtualbox guest utils...
         Stopping irqbalance daemon...
         Stopping Deferred execution scheduler...
         Stopping LXD - container startup/shutdown...
         Stopping FUSE filesystem for LXC...
         Stopping D-Bus System Message Bus...
         Stopping Regular background program processing daemon...
[[0;32m  OK  [0m] Stopped Wait until snapd is fully seeded.
[[0;32m  OK  [0m] Stopped target Login Prompts.
         Stopping Getty on tty1...
         Stopping Serial Getty on ttyS0...
[[0;32m  OK  [0m] Stopped Deferred execution scheduler.
[[0;32m  OK  [0m] Unmounted /var/lib/lxcfs.
[[0;32m  OK  [0m] Stopped irqbalance daemon.
[[0;32m  OK  [0m] Stopped System Logging Service.
[[0;32m  OK  [0m] Stopped Accounts Service.
[[0;32m  OK  [0m] Stopped Dispatcher daemon for systemd-networkd.
[[0;32m  OK  [0m] Stopped Regular background program processing daemon.
[[0;32m  OK  [0m] Stopped Daemon for generating UUIDs.
[[0;32m  OK  [0m] Stopped D-Bus System Message Bus.
[[0;32m  OK  [0m] Stopped Session 3 of user vagrant.
[[0;32m  OK  [0m] Stopped Serial Getty on ttyS0.
[[0;32m  OK  [0m] Stopped Getty on tty1.
[[0;32m  OK  [0m] Stopped OpenBSD Secure Shell server.
[[0;32m  OK  [0m] Stopped Authorization Manager.
[[0;32m  OK  [0m] Stopped User Manager for UID 1000.
[[0;32m  OK  [0m] Removed slice system-getty.slice.
[[0;32m  OK  [0m] Removed slice system-serial\x2dgetty.slice.
[[0;32m  OK  [0m] Removed slice User Slice of vagrant.
         Stopping Permit User Sessions...
         Stopping Login Service...
[[0;32m  OK  [0m] Stopped FUSE filesystem for LXC.
[[0;32m  OK  [0m] Stopped LXD - container startup/shutdown.
[[0;32m  OK  [0m] Stopped Permit User Sessions.
[[0;32m  OK  [0m] Stopped LSB: Record successful boot for GRUB.
[[0;32m  OK  [0m] Stopped LSB: automatic crash report generation.
[[0;32m  OK  [0m] Stopped target Remote File Systems.
         Unmounting /vagrant...
[[0;32m  OK  [0m] Stopped Availability of block devices.
[[0;32m  OK  [0m] Stopped Virtualbox guest utils.
[[0;32m  OK  [0m] Unmounted /vagrant.
[[0;32m  OK  [0m] Stopped target Remote File Systems (Pre).
[[0;32m  OK  [0m] Stopped target Network is Online.
[[0;32m  OK  [0m] Stopped target Network.
         Stopping Network Name Resolution...
[[0;32m  OK  [0m] Stopped Login Service.
[[0;32m  OK  [0m] Stopped target Basic System.
[[0;32m  OK  [0m] Stopped target Slices.
[[0;32m  OK  [0m] Removed slice User and Session Slice.
[[0;32m  OK  [0m] Stopped target Sockets.
[[0;32m  OK  [0m] Closed Syslog Socket.
[[0;32m  OK  [0m] Closed UUID daemon activation socket.
[[0;32m  OK  [0m] Closed LXD - unix socket.
[[0;32m  OK  [0m] Closed ACPID Listen Socket.
[[0;32m  OK  [0m] Closed Socket activation for snappy daemon.
[[0;32m  OK  [0m] Closed Open-iSCSI iscsid Socket.
[[0;32m  OK  [0m] Stopped target Paths.
[[0;32m  OK  [0m] Stopped ACPI Events Check.
[[0;32m  OK  [0m] Stopped target User and Group Name Lookups.
[[0;32m  OK  [0m] Closed D-Bus System Message Bus Socket.
[[0;32m  OK  [0m] Stopped target System Initialization.
[[0;32m  OK  [0m] Stopped target Local Encrypted Volumes.
[[0;32m  OK  [0m] Stopped Forward Password Requests to Wall Directory Watch.
[[0;32m  OK  [0m] Stopped Dispatch Password Requests to Console Directory Watch.
         Stopping Load/Save Random Seed...
[[0;32m  OK  [0m] Stopped Initial cloud-init job (metadata service crawler).
         Stopping Update UTMP about System Boot/Shutdown...
[[0;32m  OK  [0m] Stopped Network Name Resolution.
         Stopping Network Service...
[[0;32m  OK  [0m] Stopped Load/Save Random Seed.
[[0;32m  OK  [0m] Stopped Update UTMP about System Boot/Shutdown.
[[0;32m  OK  [0m] Stopped Create Volatile Files and Directories.
[[0;32m  OK  [0m] Stopped target Local File Systems.
         Unmounting /run/user/1000...
[[0;32m  OK  [0m] Unmounted /run/user/1000.
[[0;32m  OK  [0m] Reached target Unmount All Filesystems.
[[0;32m  OK  [0m] Stopped target Swap.
[[0;32m  OK  [0m] Stopped target Local File Systems (Pre).
         Stopping Monitoring of LVM2 mirrorsâ€¦ng dmeventd or progress polling...
[[0;32m  OK  [0m] Stopped Create Static Device Nodes in /dev.
[[0;32m  OK  [0m] Stopped Monitoring of LVM2 mirrors,â€¦sing dmeventd or progress polling.
         Stopping LVM2 metadata daemon...
[[0;32m  OK  [0m] Stopped LVM2 metadata daemon.
[[0;32m  OK  [0m] Stopped Network Service.
[[0;32m  OK  [0m] Stopped Apply Kernel Variables.
[[0;32m  OK  [0m] Stopped Load Kernel Modules.
[[0;32m  OK  [0m] Stopped target Network (Pre).
[[0;32m  OK  [0m] Stopped Initial cloud-init job (pre-networking).
[[0;32m  OK  [0m] Stopped Remount Root and Kernel File Systems.
[[0;32m  OK  [0m] Reached target Shutdown.
[[0;32m  OK  [0m] Reached target Final Step.
         Starting Power-Off...
[  219.331347] reboot: Power down
